// Jest Snapshot v1, https://goo.gl/fbAQLP

exports[`ErrorBoundary component should display an ErrorMessage if wrapped component throws 1`] = `
"<Something>
  <h1>
    Smth went wrong!
  </h1>
</Something>"
`;
