// Jest Snapshot v1, https://goo.gl/fbAQLP

exports[`MovieCard component render MovieCard component toMatchSnapshot 1`] = `
"<div className=\\"movieCard\\">
  <img src={[undefined]} width=\\"240\\" height=\\"320\\" />
  <div>
    <h3>
      Goodfellas
    </h3>
    <span />
  </div>
  <span className=\\"movieYear\\">
    1990
  </span>
  <div className=\\"movieCardActions\\">
    <a href=\\"#\\" onClick={[Function: onClick]}>
      edit
    </a>
    <a href=\\"#\\" onClick={[Function: onClick]}>
      delete
    </a>
    <a href=\\"#\\" onClick={[Function: onClick]}>
      ...
    </a>
  </div>
</div>"
`;
